python.exe : INFO:create_app:\U0001f527 Loading DevelopmentConfig
At line:1 char:88
+ ... lyContinue; & 'C:\Users\buidu\OneDrive\Desktop\AURA!\.venv\Scripts\py ...
+                 ~~~~~~~~~~~~~~~~~~~~~~~~~~~~~~~~~~~~~~~~~~~~~~~~~~~~~~~~~
    + CategoryInfo          : NotSpecified: (INFO:create_app...velopmentConfig 
   :String) [], RemoteException
    + FullyQualifiedErrorId : NativeCommandError
 
INFO:cors:CORS initialized with allowed origins: ['http://localhost:5173', 
'http://localhost:3000']
INFO:cors:CORS methods: ['GET', 'POST', 'PUT', 'DELETE', 'OPTIONS', 'PATCH', 
'HEAD']
INFO:create_app:\u2705 CORS initialized
INFO:create_app:\u2705 Middleware initialized
INFO:create_app:\u2705 Routes registered

======================================================================
AURA APPLICATION - FLASK TEST CLIENT
======================================================================

[CONFIG] Using DATABASE_URI from environment: sqlite:///C:/Windows/Temp/aura_test.db
[DB CONFIG] Reading Config.SQLALCHEMY_DATABASE_URI: sqlite:///C:/Windows/Temp/aura_test.db
[DB CONFIG] os.environ.get('DATABASE_URI'): sqlite:///C:/Windows/Temp/aura_test.db
[DB CONFIG] Final DATABASE_URI being used: sqlite:///C:/Windows/Temp/aura_test.db
[DB INIT] Warning: Could not create all tables: Foreign key associated with column 'campaign_requests.request_id' could not find table 'analysis_requests' with which to generate a foreign key to target column 'id'
[DB INIT] Attempting to create essential tables only...
[DB INIT] Essential tables created successfully
Frontend path: C:\Users\buidu\OneDrive\Desktop\AURA!\AURA-System-for-Retinal-Vascular-Health-Screening\src\Web Interface for AURA Clinic (1)\dist
Frontend exists: True
[DB INIT] Warning: Could not create all tables: Foreign key associated with column 'campaign_requests.request_id' could not find table 'analysis_requests' with which to generate a foreign key to target column 'id'
[DB INIT] Attempting to create essential tables only...
[DB INIT] Essential tables created successfully
TEST 1: Health Check
--------------------------------------------------
[DB TEARDOWN] Closing session 6188444684816
[DB TEARDOWN] Session closed
Status Code: 200
Response: {
  "data": {
    "db_error": null,
    "db_status": true,
    "status": "ok"
  },
  "success": true
}
[OK] Health check passed

TEST 2: Patient Registration
--------------------------------------------------
[SYSTEM LOG] Processing registration for email: testpatient@clinic.example.com
[DB TEARDOWN] Closing session 6188440548304
[DB TEARDOWN] Session closed
Status Code: 201
Response: {
  "data": {
    "accessToken": "eyJhbGciOiJIUzI1NiIsInR5cCI6IkpXVCJ9.eyJ1c2VyX2lkIjoiNzdiN2EyOTMtZDFmNS00YzAzLTg4YjEtMTEyMDkwMzI3OTc2IiwiZW1haWwiOiJ0ZXN0cGF0aWVudEBjbGluaWMuZXhhbXBsZS5jb20iLCJpYXQiOjE3NzAzMzMwMTIuNzc2Mzk0LCJleHAiOjE3NzA0MTk0MTIuNzc2NDF9.hRGyyv-R8TuJx-xCV3sX8RBRxuQVYSTymNHzSz5q3og",
    "refreshToken": "eyJhbGciOiJIUzI1NiIsInR5cCI6IkpXVCJ9.eyJ1c2VyX2lkIjoiNzdiN2EyOTMtZDFmNS00YzAzLTg4YjEtMTEyMDkwMzI3OTc2IiwiZW1haWwiOiJ0ZXN0cGF0aWVudEBjbGluaWMuZXhhbXBsZS5jb20iLCJpYXQiOjE3NzAzMzMw...
[OK] Patient registered successfully
  Email: testpatient@clinic.example.com
  Name: Test Patient
  Access Token: eyJhbGciOiJIUzI1NiIsInR5cCI6Ik...

TEST 3: Verify Token
--------------------------------------------------
Status Code: 200
Response: {
  "data": {
    "email": "testpatient@clinic.example.com",
    "exp": 1770419412.77641,
    "iat": 1770333012.776394,
    "user_id": "77b7a293-d1f5-4c03-88b1-112090327976"
  },
  "success": true
}
[OK] Token verification passed

TEST 4: Get Current User
--------------------------------------------------
[REPO] find_by_email called for: testpatient@clinic.example.com
[REPO] Session object: <sqlalchemy.orm.session.Session object at 0x000005A0DC244C50>
[REPO] Session bind: Engine(sqlite:///C:/Windows/Temp/aura_test.db)
[DB TEARDOWN] Closing session 6188446272592
[DB TEARDOWN] Session closed
Status Code: 200
Response: {
  "data": {
    "avatar": "https://api.dicebear.com/7.x/avataaars/svg?seed=testpatient@clinic.example.com",
    "email": "testpatient@clinic.example.com",
    "fullName": "Test Patient",
    "id": "77b7a293-d1f5-4c03-88b1-112090327976",
    "roles": [
      {
        "id": "77b7a293-d1f5-4c03-88b1-112090327976",
        "name": "PATIENT"
      }
    ]
  },
  "success": true
}...
[OK] Current user retrieved
  Email: testpatient@clinic.example.com
  Name: Test Patient

TEST 5: Doctor Registration
--------------------------------------------------
[SYSTEM LOG] Processing registration for email: doctor@clinic.example.com
[DB TEARDOWN] Closing session 6188446278672
[DB TEARDOWN] Session closed
Status Code: 201
Response: {
  "data": {
    "accessToken": "eyJhbGciOiJIUzI1NiIsInR5cCI6IkpXVCJ9.eyJ1c2VyX2lkIjoiM2YzNzhhNzktZjQ5Yi00MzU1LThjMTItNjI3ZDg0YzFlY2VmIiwiZW1haWwiOiJkb2N0b3JAY2xpbmljLmV4YW1wbGUuY29tIiwiaWF0IjoxNzcwMzMzMDEyLjk5OTA4NiwiZXhwIjoxNzcwNDE5NDEyLjk5OTA5fQ.6Ct7gpoQVgldfteWAwlxh3-sb16B7Fc6acmV4BizqSk",
    "refreshToken": "eyJhbGciOiJIUzI1NiIsInR5cCI6IkpXVCJ9.eyJ1c2VyX2lkIjoiM2YzNzhhNzktZjQ5Yi00MzU1LThjMTItNjI3ZDg0YzFlY2VmIiwiZW1haWwiOiJkb2N0b3JAY2xpbmljLmV4YW1wbGUuY29tIiwiaWF0IjoxNzcwMzMzMDEyLjk5OTA4Ni...
[OK] Doctor registered successfully
  Email: doctor@clinic.example.com
  Name: Dr. Smith

TEST 6: Duplicate Registration (Should Fail)
--------------------------------------------------
[SYSTEM LOG] Processing registration for email: testpatient@clinic.example.com
[DB TEARDOWN] Closing session 6188446273232
[DB TEARDOWN] Session closed
Status Code: 500
[OK] Duplicate registration rejected as expected

TEST 7: Session Isolation & Cleanup
--------------------------------------------------
[DB TEARDOWN] Closing session 6188446282512
[DB TEARDOWN] Session closed
[DB TEARDOWN] Closing session 6188446281872
[DB TEARDOWN] Session closed
[DB TEARDOWN] Closing session 6188446271952
[DB TEARDOWN] Session closed
[OK] Multiple requests processed with proper session management

======================================================================
[OK] ALL TESTS PASSED
======================================================================

Summary:
  [OK] Health check endpoint working
  [OK] Patient registration successful
  [OK] Token generation working
  [OK] Token verification working
  [OK] User profile retrieval working
  [OK] Doctor registration successful
  [OK] Request-scoped sessions properly isolated
  
Database Backend: Flask Test Client (In-Memory)
Session Management: Request-Scoped with Automatic Cleanup

Ready for production deployment with:
  - Gunicorn WSGI server
  - PostgreSQL database (when configured)
  - Automatic session lifecycle management
  
Next Steps:
  1. Update .env with PostgreSQL credentials
  2. Deploy with: gunicorn --bind 0.0.0.0:9999 wsgi:app
  3. Or use Docker: docker-compose up --build

======================================================================

